yarn workspace v1.22.22
yarn run v1.22.22
$ tsc --noEmit
src/services/audit.service.ts(31,9): error TS2322: Type 'import("C:/Users/ranas/Code/web/hermes/packages/prisma/index").ResourceType' is not assignable to type 'import("C:/Users/ranas/Code/web/hermes/node_modules/.prisma/client/index").ResourceType'.
  Type '"GROUP"' is not assignable to type 'ResourceType'.
src/services/audit.service.ts(86,7): error TS2322: Type '{ userId?: string | undefined; resourceType?: ResourceType | undefined; resourceId?: string | undefined; action?: AuditAction | undefined; createdAt?: { ...; } | undefined; }' is not assignable to type 'AuditLogWhereInput'.
  Types of property 'resourceType' are incompatible.
    Type 'ResourceType | undefined' is not assignable to type 'ResourceType | EnumResourceTypeFilter | undefined'.
      Type '"GROUP"' is not assignable to type 'ResourceType | EnumResourceTypeFilter | undefined'.
src/services/audit.service.ts(100,29): error TS2322: Type '{ userId?: string | undefined; resourceType?: ResourceType | undefined; resourceId?: string | undefined; action?: AuditAction | undefined; createdAt?: { ...; } | undefined; }' is not assignable to type 'AuditLogWhereInput'.
  Types of property 'resourceType' are incompatible.
    Type 'ResourceType | undefined' is not assignable to type 'ResourceType | EnumResourceTypeFilter | undefined'.
      Type '"GROUP"' is not assignable to type 'ResourceType | EnumResourceTypeFilter | undefined'.
src/utils/jwt.ts(29,7): error TS2769: No overload matches this call.
  Overload 3 of 5, '(payload: string | object | Buffer<ArrayBufferLike>, secretOrPrivateKey: Buffer<ArrayBufferLike> | Secret | PrivateKeyInput | JsonWebKeyInput, callback: SignCallback): void', gave the following error.
    Object literal may only specify known properties, and 'expiresIn' does not exist in type 'SignCallback'.
src/utils/jwt.ts(47,7): error TS2769: No overload matches this call.
  Overload 3 of 5, '(payload: string | object | Buffer<ArrayBufferLike>, secretOrPrivateKey: Buffer<ArrayBufferLike> | Secret | PrivateKeyInput | JsonWebKeyInput, callback: SignCallback): void', gave the following error.
    Object literal may only specify known properties, and 'expiresIn' does not exist in type 'SignCallback'.
src/wrappers/onboarding.wrapper.ts(164,11): error TS2353: Object literal may only specify known properties, and 'permissions' does not exist in type 'Without<VaultCreateInput, VaultUncheckedCreateInput> & VaultUncheckedCreateInput'.
src/wrappers/onboarding.wrapper.ts(290,9): error TS2353: Object literal may only specify known properties, and 'permissions' does not exist in type 'Without<VaultCreateInput, VaultUncheckedCreateInput> & VaultUncheckedCreateInput'.
src/wrappers/organization.wrapper.ts(128,11): error TS2353: Object literal may only specify known properties, and 'permissions' does not exist in type 'Without<VaultCreateInput, VaultUncheckedCreateInput> & VaultUncheckedCreateInput'.
node.exe : error Command failed with exit code 2.
At C:\Users\ranas\AppData\Roaming\npm\yarn.ps1:24 char:5
+     & "node$exe"  "$basedir/node_modules/yarn/bin/yarn.js" 
$args
+     
~~~~~~~~~~~~~~~~~~~~~~~~~~~~~~~~~~~~~~~~~~~~~~~~~~~~~~~~~~~~
    + CategoryInfo          : NotSpecified: (error Command 
failed     with exit code 2.:String) [], RemoteException
    + FullyQualifiedErrorId : NativeCommandError
 
info Visit https://yarnpkg.com/en/docs/cli/run for documentation about this command.
error Command failed.
Exit code: 2
Command: C:\Program Files\nodejs\node.exe
Arguments: 
C:\Users\ranas\AppData\Roaming\npm\node_modules\yarn\lib\cli.js 
run check-types
Directory: C:\Users\ranas\Code\web\hermes\apps\api
Output:

info Visit https://yarnpkg.com/en/docs/cli/workspace for documentation about this command.
